0 verbose cli C:\Program Files\nodejs\node.exe C:\Program Files\nodejs\node_modules\npm\bin\npm-cli.js
1 info using npm@11.16.0
2 info using node@v24.18.1
3 silly config load:file:C:\Program Files\nodejs\node_modules\npm\npmrc
4 silly config load:file:D:\A production\Apti_Test_App-main\.npmrc
5 silly config load:file:C:\Users\VIVEK\.npmrc
6 silly config load:file:C:\Users\VIVEK\AppData\Roaming\npm\etc\npmrc
7 verbose title npm install next@15.5.23 firebase-admin@13.10.0
8 verbose argv "install" "next@15.5.23" "firebase-admin@13.10.0" "--save-exact" "--cache" ".npm-cache"
9 verbose logfile logs-max:10 dir:D:\A production\Apti_Test_App-main\.npm-cache\_logs\2026-08-15T13_11_23_145Z-
10 verbose logfile D:\A production\Apti_Test_App-main\.npm-cache\_logs\2026-08-15T13_11_23_145Z-debug-0.log
11 silly logfile start cleaning logs, removing 1 files
12 silly logfile done cleaning log files
13 silly packumentCache heap:4496293888 maxSize:1124073472 maxEntrySize:562036736
14 silly idealTree buildDeps
15 silly fetch manifest firebase-admin@13.10.0
16 silly packumentCache full:https://registry.npmjs.org/firebase-admin cache-miss
17 http cache https://registry.npmjs.org/firebase-admin 43ms (cache hit)
18 silly packumentCache full:https://registry.npmjs.org/firebase-admin set size:780146 disposed:false
19 silly fetch manifest next@15.5.23
20 silly packumentCache full:https://registry.npmjs.org/next cache-miss
21 http cache https://registry.npmjs.org/next 54ms (cache hit)
22 silly packumentCache full:https://registry.npmjs.org/next set size:31102375 disposed:false
23 silly fetch manifest @opentelemetry/api@^1.1.0
24 silly packumentCache full:https://registry.npmjs.org/@opentelemetry%2fapi cache-miss
25 http cache https://registry.npmjs.org/@opentelemetry%2fapi 18ms (cache hit)
26 silly packumentCache full:https://registry.npmjs.org/@opentelemetry%2fapi set size:272967 disposed:false
27 silly fetch manifest @playwright/test@^1.51.1
28 silly packumentCache full:https://registry.npmjs.org/@playwright%2ftest cache-miss
29 http fetch GET 200 https://registry.npmjs.org/@playwright%2ftest 1185ms (cache updated)
30 silly packumentCache full:https://registry.npmjs.org/@playwright%2ftest set size:undefined disposed:false
31 silly fetch manifest babel-plugin-react-compiler@*
32 silly packumentCache full:https://registry.npmjs.org/babel-plugin-react-compiler cache-miss
33 http fetch GET 200 https://registry.npmjs.org/babel-plugin-react-compiler 371ms (cache revalidated)
34 silly packumentCache full:https://registry.npmjs.org/babel-plugin-react-compiler set size:1356999 disposed:false
35 silly fetch manifest react@^19.0.0
36 silly packumentCache full:https://registry.npmjs.org/react cache-miss
37 http fetch GET 200 https://registry.npmjs.org/react 462ms (cache updated)
38 silly packumentCache full:https://registry.npmjs.org/react set size:undefined disposed:false
39 silly fetch manifest react-dom@^19.0.0
40 silly packumentCache full:https://registry.npmjs.org/react-dom cache-miss
41 http fetch GET 200 https://registry.npmjs.org/react-dom 987ms (cache updated)
42 silly packumentCache full:https://registry.npmjs.org/react-dom set size:undefined disposed:false
43 silly fetch manifest sass@^1.3.0
44 silly packumentCache full:https://registry.npmjs.org/sass cache-miss
45 http fetch GET 200 https://registry.npmjs.org/sass 92ms (cache revalidated)
46 silly packumentCache full:https://registry.npmjs.org/sass set size:743214 disposed:false
47 silly placeDep ROOT firebase-admin@13.10.0 REPLACE for: apptitude-web-app@1.0.0 want: 13.10.0
48 silly placeDep ROOT next@15.5.23 REPLACE for: apptitude-web-app@1.0.0 want: 15.5.23
49 silly fetch manifest jwks-rsa@^3.1.0
50 silly packumentCache full:https://registry.npmjs.org/jwks-rsa cache-miss
51 silly fetch manifest farmhash-modern@^1.1.0
52 silly packumentCache full:https://registry.npmjs.org/farmhash-modern cache-miss
53 silly fetch manifest fast-deep-equal@^3.1.1
54 silly packumentCache full:https://registry.npmjs.org/fast-deep-equal cache-miss
55 silly fetch manifest @google-cloud/firestore@^7.11.0
56 silly packumentCache full:https://registry.npmjs.org/@google-cloud%2ffirestore cache-miss
57 silly fetch manifest @next/env@15.5.23
58 silly packumentCache full:https://registry.npmjs.org/@next%2fenv cache-miss
59 silly fetch manifest @next/swc-darwin-x64@15.5.23
60 silly packumentCache full:https://registry.npmjs.org/@next%2fswc-darwin-x64 cache-miss
61 silly fetch manifest @next/swc-darwin-arm64@15.5.23
62 silly packumentCache full:https://registry.npmjs.org/@next%2fswc-darwin-arm64 cache-miss
63 silly fetch manifest @next/swc-linux-x64-gnu@15.5.23
64 silly packumentCache full:https://registry.npmjs.org/@next%2fswc-linux-x64-gnu cache-miss
65 silly fetch manifest @next/swc-linux-x64-musl@15.5.23
66 silly packumentCache full:https://registry.npmjs.org/@next%2fswc-linux-x64-musl cache-miss
67 silly fetch manifest @next/swc-win32-x64-msvc@15.5.23
68 silly packumentCache full:https://registry.npmjs.org/@next%2fswc-win32-x64-msvc cache-miss
69 silly fetch manifest @next/swc-linux-arm64-gnu@15.5.23
70 silly packumentCache full:https://registry.npmjs.org/@next%2fswc-linux-arm64-gnu cache-miss
71 silly fetch manifest @next/swc-linux-arm64-musl@15.5.23
72 silly packumentCache full:https://registry.npmjs.org/@next%2fswc-linux-arm64-musl cache-miss
73 silly fetch manifest @next/swc-win32-arm64-msvc@15.5.23
74 silly packumentCache full:https://registry.npmjs.org/@next%2fswc-win32-arm64-msvc cache-miss
75 http cache https://registry.npmjs.org/fast-deep-equal 50ms (cache hit)
76 silly packumentCache full:https://registry.npmjs.org/fast-deep-equal set size:48634 disposed:false
77 http cache https://registry.npmjs.org/jwks-rsa 53ms (cache hit)
78 silly packumentCache full:https://registry.npmjs.org/jwks-rsa set size:232196 disposed:false
79 http cache https://registry.npmjs.org/@google-cloud%2ffirestore 59ms (cache hit)
80 silly packumentCache full:https://registry.npmjs.org/@google-cloud%2ffirestore set size:756117 disposed:false
81 http fetch GET 200 https://registry.npmjs.org/farmhash-modern 318ms (cache miss)
82 silly packumentCache full:https://registry.npmjs.org/farmhash-modern set size:undefined disposed:false
83 http fetch GET 200 https://registry.npmjs.org/@next%2fswc-darwin-x64 2066ms (cache updated)
84 silly packumentCache full:https://registry.npmjs.org/@next%2fswc-darwin-x64 set size:undefined disposed:false
85 http fetch GET 200 https://registry.npmjs.org/@next%2fswc-linux-arm64-gnu 2616ms (cache updated)
86 silly packumentCache full:https://registry.npmjs.org/@next%2fswc-linux-arm64-gnu set size:undefined disposed:false
87 http fetch GET 200 https://registry.npmjs.org/@next%2fswc-win32-arm64-msvc 2678ms (cache updated)
88 silly packumentCache full:https://registry.npmjs.org/@next%2fswc-win32-arm64-msvc set size:undefined disposed:false
89 http fetch GET 200 https://registry.npmjs.org/@next%2fswc-linux-arm64-musl 2719ms (cache updated)
90 silly packumentCache full:https://registry.npmjs.org/@next%2fswc-linux-arm64-musl set size:undefined disposed:false
91 http fetch GET 200 https://registry.npmjs.org/@next%2fswc-darwin-arm64 2768ms (cache updated)
92 silly packumentCache full:https://registry.npmjs.org/@next%2fswc-darwin-arm64 set size:undefined disposed:false
93 http fetch GET 200 https://registry.npmjs.org/@next%2fswc-win32-x64-msvc 2805ms (cache updated)
94 silly packumentCache full:https://registry.npmjs.org/@next%2fswc-win32-x64-msvc set size:undefined disposed:false
95 http fetch GET 200 https://registry.npmjs.org/@next%2fswc-linux-x64-musl 2848ms (cache updated)
96 silly packumentCache full:https://registry.npmjs.org/@next%2fswc-linux-x64-musl set size:undefined disposed:false
97 http fetch GET 200 https://registry.npmjs.org/@next%2fenv 3023ms (cache updated)
98 silly packumentCache full:https://registry.npmjs.org/@next%2fenv set size:undefined disposed:false
99 http fetch GET 200 https://registry.npmjs.org/@next%2fswc-linux-x64-gnu 3085ms (cache updated)
100 silly packumentCache full:https://registry.npmjs.org/@next%2fswc-linux-x64-gnu set size:undefined disposed:false
101 silly placeDep ROOT @google-cloud/firestore@7.11.6 OK for: firebase-admin@13.10.0 want: ^7.11.0
102 silly placeDep ROOT farmhash-modern@1.1.0 OK for: firebase-admin@13.10.0 want: ^1.1.0
103 silly placeDep ROOT fast-deep-equal@3.1.3 OK for: firebase-admin@13.10.0 want: ^3.1.1
104 silly placeDep ROOT jwks-rsa@3.2.2 OK for: firebase-admin@13.10.0 want: ^3.1.0
105 silly fetch manifest google-gax@^4.3.3
106 silly packumentCache full:https://registry.npmjs.org/google-gax cache-miss
107 silly fetch manifest functional-red-black-tree@^1.0.1
108 silly packumentCache full:https://registry.npmjs.org/functional-red-black-tree cache-miss
109 silly fetch manifest jose@^4.15.4
110 silly packumentCache full:https://registry.npmjs.org/jose cache-miss
111 silly fetch manifest limiter@^1.1.5
112 silly packumentCache full:https://registry.npmjs.org/limiter cache-miss
113 silly fetch manifest lru-memoizer@^2.2.0
114 silly packumentCache full:https://registry.npmjs.org/lru-memoizer cache-miss
115 silly fetch manifest @types/jsonwebtoken@^9.0.4
116 silly packumentCache full:https://registry.npmjs.org/@types%2fjsonwebtoken cache-miss
117 http cache https://registry.npmjs.org/jose 21ms (cache hit)
118 silly packumentCache full:https://registry.npmjs.org/jose set size:1446624 disposed:false
119 http cache https://registry.npmjs.org/limiter 44ms (cache hit)
120 silly packumentCache full:https://registry.npmjs.org/limiter set size:39581 disposed:false
121 http cache https://registry.npmjs.org/lru-memoizer 48ms (cache hit)
122 silly packumentCache full:https://registry.npmjs.org/lru-memoizer set size:57712 disposed:false
123 http cache https://registry.npmjs.org/google-gax 69ms (cache hit)
124 silly packumentCache full:https://registry.npmjs.org/google-gax set size:2085342 disposed:false
125 http cache https://registry.npmjs.org/@types%2fjsonwebtoken 71ms (cache hit)
126 silly packumentCache full:https://registry.npmjs.org/@types%2fjsonwebtoken set size:129919 disposed:false
127 http cache https://registry.npmjs.org/functional-red-black-tree 76ms (cache hit)
128 silly packumentCache full:https://registry.npmjs.org/functional-red-black-tree set size:12580 disposed:false
129 silly placeDep ROOT functional-red-black-tree@1.0.1 OK for: @google-cloud/firestore@7.11.6 want: ^1.0.1
130 silly placeDep ROOT google-gax@4.6.1 OK for: @google-cloud/firestore@7.11.6 want: ^4.3.3
131 silly fetch manifest @types/long@^4.0.0
132 silly packumentCache full:https://registry.npmjs.org/@types%2flong cache-miss
133 silly fetch manifest object-hash@^3.0.0
134 silly packumentCache full:https://registry.npmjs.org/object-hash cache-miss
135 silly fetch manifest @grpc/grpc-js@^1.10.9
136 silly packumentCache full:https://registry.npmjs.org/@grpc%2fgrpc-js cache-miss
137 silly fetch manifest google-auth-library@^9.3.0
138 silly packumentCache full:https://registry.npmjs.org/google-auth-library cache-miss
139 silly fetch manifest proto3-json-serializer@^2.0.2
140 silly packumentCache full:https://registry.npmjs.org/proto3-json-serializer cache-miss
141 http cache https://registry.npmjs.org/proto3-json-serializer 12ms (cache hit)
142 silly packumentCache full:https://registry.npmjs.org/proto3-json-serializer set size:96615 disposed:false
143 http cache https://registry.npmjs.org/object-hash 16ms (cache hit)
144 silly packumentCache full:https://registry.npmjs.org/object-hash set size:100564 disposed:false
145 http cache https://registry.npmjs.org/@grpc%2fgrpc-js 19ms (cache hit)
146 silly packumentCache full:https://registry.npmjs.org/@grpc%2fgrpc-js set size:674221 disposed:false
147 http cache https://registry.npmjs.org/google-auth-library 24ms (cache hit)
148 silly packumentCache full:https://registry.npmjs.org/google-auth-library set size:745018 disposed:false
149 http fetch GET 200 https://registry.npmjs.org/@types%2flong 597ms (cache miss)
150 silly packumentCache full:https://registry.npmjs.org/@types%2flong set size:undefined disposed:false
151 silly placeDep node_modules/google-gax @grpc/grpc-js@1.14.4 OK for: google-gax@4.6.1 want: ^1.10.9
152 silly placeDep ROOT @types/long@4.0.2 OK for: google-gax@4.6.1 want: ^4.0.0
153 silly placeDep node_modules/google-gax google-auth-library@9.15.1 OK for: google-gax@4.6.1 want: ^9.3.0
154 silly placeDep ROOT object-hash@3.0.0 OK for: google-gax@4.6.1 want: ^3.0.0
155 silly placeDep ROOT proto3-json-serializer@2.0.2 OK for: google-gax@4.6.1 want: ^2.0.2
156 silly fetch manifest @grpc/proto-loader@^0.8.0
157 silly packumentCache full:https://registry.npmjs.org/@grpc%2fproto-loader cache-miss
158 silly fetch manifest @js-sdsl/ordered-map@^4.4.2
159 silly packumentCache full:https://registry.npmjs.org/@js-sdsl%2fordered-map cache-miss
160 silly fetch manifest gcp-metadata@^6.1.0
161 silly packumentCache full:https://registry.npmjs.org/gcp-metadata cache-miss
162 http cache https://registry.npmjs.org/@grpc%2fproto-loader 21ms (cache hit)
163 silly packumentCache full:https://registry.npmjs.org/@grpc%2fproto-loader set size:218355 disposed:false
164 http cache https://registry.npmjs.org/@js-sdsl%2fordered-map 27ms (cache hit)
165 silly packumentCache full:https://registry.npmjs.org/@js-sdsl%2fordered-map set size:63788 disposed:false
166 http cache https://registry.npmjs.org/gcp-metadata 28ms (cache hit)
167 silly packumentCache full:https://registry.npmjs.org/gcp-metadata set size:210123 disposed:false
168 silly placeDep ROOT @types/jsonwebtoken@9.0.10 OK for: jwks-rsa@3.2.2 want: ^9.0.4
169 silly placeDep ROOT jose@4.15.9 OK for: jwks-rsa@3.2.2 want: ^4.15.4
170 silly placeDep ROOT limiter@1.1.5 OK for: jwks-rsa@3.2.2 want: ^1.1.5
171 silly placeDep ROOT lru-memoizer@2.3.0 OK for: jwks-rsa@3.2.2 want: ^2.2.0
172 silly fetch manifest @types/ms@*
173 silly packumentCache full:https://registry.npmjs.org/@types%2fms cache-miss
174 silly fetch manifest lru-cache@6.0.0
175 silly packumentCache full:https://registry.npmjs.org/lru-cache cache-miss
176 silly fetch manifest lodash.clonedeep@^4.5.0
177 silly packumentCache full:https://registry.npmjs.org/lodash.clonedeep cache-miss
178 http cache https://registry.npmjs.org/@types%2fms 9ms (cache hit)
179 silly packumentCache full:https://registry.npmjs.org/@types%2fms set size:24399 disposed:false
180 http cache https://registry.npmjs.org/lodash.clonedeep 9ms (cache hit)
181 silly packumentCache full:https://registry.npmjs.org/lodash.clonedeep set size:48192 disposed:false
182 http cache https://registry.npmjs.org/lru-cache 12ms (cache hit)
183 silly packumentCache full:https://registry.npmjs.org/lru-cache set size:460407 disposed:false
184 silly placeDep ROOT @types/ms@2.1.0 OK for: @types/jsonwebtoken@9.0.10 want: *
185 silly placeDep ROOT lodash.clonedeep@4.5.0 OK for: lru-memoizer@2.3.0 want: ^4.5.0
186 silly placeDep ROOT lru-cache@6.0.0 OK for: lru-memoizer@2.3.0 want: 6.0.0
187 silly fetch manifest yallist@^4.0.0
188 silly packumentCache full:https://registry.npmjs.org/yallist cache-miss
189 http fetch GET 200 https://registry.npmjs.org/yallist 90ms (cache miss)
190 silly packumentCache full:https://registry.npmjs.org/yallist set size:undefined disposed:false
191 silly placeDep ROOT yallist@4.0.0 OK for: lru-cache@6.0.0 want: ^4.0.0
192 silly placeDep ROOT @next/env@15.5.23 OK for: next@15.5.23 want: 15.5.23
193 silly placeDep ROOT @next/swc-darwin-arm64@15.5.23 OK for: next@15.5.23 want: 15.5.23
194 silly placeDep ROOT @next/swc-darwin-x64@15.5.23 OK for: next@15.5.23 want: 15.5.23
195 silly placeDep ROOT @next/swc-linux-arm64-gnu@15.5.23 OK for: next@15.5.23 want: 15.5.23
196 silly placeDep ROOT @next/swc-linux-arm64-musl@15.5.23 OK for: next@15.5.23 want: 15.5.23
197 silly placeDep ROOT @next/swc-linux-x64-gnu@15.5.23 OK for: next@15.5.23 want: 15.5.23
198 silly placeDep ROOT @next/swc-linux-x64-musl@15.5.23 OK for: next@15.5.23 want: 15.5.23
199 silly placeDep ROOT @next/swc-win32-arm64-msvc@15.5.23 OK for: next@15.5.23 want: 15.5.23
200 silly placeDep ROOT @next/swc-win32-x64-msvc@15.5.23 OK for: next@15.5.23 want: 15.5.23
201 silly placeDep node_modules/google-gax/node_modules/@grpc/grpc-js @grpc/proto-loader@0.8.1 OK for: @grpc/grpc-js@1.14.4 want: ^0.8.0
202 silly placeDep ROOT @js-sdsl/ordered-map@4.4.2 OK for: @grpc/grpc-js@1.14.4 want: ^4.4.2
203 silly placeDep node_modules/google-gax gcp-metadata@6.1.1 OK for: google-auth-library@9.15.1 want: ^6.1.0
204 silly fetch manifest google-logging-utils@^0.0.2
205 silly packumentCache full:https://registry.npmjs.org/google-logging-utils cache-miss
206 http cache https://registry.npmjs.org/google-logging-utils 8ms (cache hit)
207 silly packumentCache full:https://registry.npmjs.org/google-logging-utils set size:31146 disposed:false
208 silly placeDep node_modules/google-gax google-logging-utils@0.0.2 OK for: gcp-metadata@6.1.1 want: ^0.0.2
209 silly reify mark retired [
209 silly reify   'D:\\A production\\Apti_Test_App-main\\node_modules\\@google-cloud\\firestore'
209 silly reify ]
210 silly reify mark retired [
210 silly reify   'D:\\A production\\Apti_Test_App-main\\node_modules\\@isaacs\\cliui'
210 silly reify ]
211 silly reify mark retired [ 'D:\\A production\\Apti_Test_App-main\\node_modules\\@next\\env' ]
212 silly reify mark retired [
212 silly reify   'D:\\A production\\Apti_Test_App-main\\node_modules\\@next\\swc-win32-x64-msvc'
212 silly reify ]
213 silly reify mark retired [
213 silly reify   'D:\\A production\\Apti_Test_App-main\\node_modules\\@pkgjs\\parseargs'
213 silly reify ]
214 silly reify mark retired [
214 silly reify   'D:\\A production\\Apti_Test_App-main\\node_modules\\balanced-match'
214 silly reify ]
215 silly reify mark retired [
215 silly reify   'D:\\A production\\Apti_Test_App-main\\node_modules\\brace-expansion'
215 silly reify ]
216 silly reify mark retired [ 'D:\\A production\\Apti_Test_App-main\\node_modules\\cross-spawn' ]
217 silly reify mark retired [
217 silly reify   'D:\\A production\\Apti_Test_App-main\\node_modules\\eastasianwidth'
217 silly reify ]
218 silly reify mark retired [
218 silly reify   'D:\\A production\\Apti_Test_App-main\\node_modules\\firebase-admin'
218 silly reify ]
219 silly reify mark retired [
219 silly reify   'D:\\A production\\Apti_Test_App-main\\node_modules\\foreground-child'
219 silly reify ]
220 silly reify mark retired [
220 silly reify   'D:\\A production\\Apti_Test_App-main\\node_modules\\glob',
220 silly reify   'D:\\A production\\Apti_Test_App-main\\node_modules\\.bin\\glob',
220 silly reify   'D:\\A production\\Apti_Test_App-main\\node_modules\\.bin\\glob.cmd',
220 silly reify   'D:\\A production\\Apti_Test_App-main\\node_modules\\.bin\\glob.ps1'
220 silly reify ]
221 silly reify mark retired [ 'D:\\A production\\Apti_Test_App-main\\node_modules\\google-gax' ]
222 silly reify mark retired [ 'D:\\A production\\Apti_Test_App-main\\node_modules\\isexe' ]
223 silly reify mark retired [ 'D:\\A production\\Apti_Test_App-main\\node_modules\\jackspeak' ]
224 silly reify mark retired [ 'D:\\A production\\Apti_Test_App-main\\node_modules\\jose' ]
225 silly reify mark retired [ 'D:\\A production\\Apti_Test_App-main\\node_modules\\jwks-rsa' ]
226 silly reify mark retired [ 'D:\\A production\\Apti_Test_App-main\\node_modules\\lru-cache' ]
227 silly reify mark retired [ 'D:\\A production\\Apti_Test_App-main\\node_modules\\lru-memoizer' ]
228 silly reify mark retired [ 'D:\\A production\\Apti_Test_App-main\\node_modules\\minimatch' ]
229 silly reify mark retired [ 'D:\\A production\\Apti_Test_App-main\\node_modules\\minipass' ]
230 silly reify mark retired [
230 silly reify   'D:\\A production\\Apti_Test_App-main\\node_modules\\next',
230 silly reify   'D:\\A production\\Apti_Test_App-main\\node_modules\\.bin\\next',
230 silly reify   'D:\\A production\\Apti_Test_App-main\\node_modules\\.bin\\next.cmd',
230 silly reify   'D:\\A production\\Apti_Test_App-main\\node_modules\\.bin\\next.ps1'
230 silly reify ]
231 silly reify mark retired [
231 silly reify   'D:\\A production\\Apti_Test_App-main\\node_modules\\package-json-from-dist'
231 silly reify ]
232 silly reify mark retired [ 'D:\\A production\\Apti_Test_App-main\\node_modules\\path-key' ]
233 silly reify mark retired [ 'D:\\A production\\Apti_Test_App-main\\node_modules\\path-scurry' ]
234 silly reify mark retired [
234 silly reify   'D:\\A production\\Apti_Test_App-main\\node_modules\\proto3-json-serializer'
234 silly reify ]
235 silly reify mark retired [
235 silly reify   'D:\\A production\\Apti_Test_App-main\\node_modules\\rimraf',
235 silly reify   'D:\\A production\\Apti_Test_App-main\\node_modules\\.bin\\rimraf',
235 silly reify   'D:\\A production\\Apti_Test_App-main\\node_modules\\.bin\\rimraf.cmd',
235 silly reify   'D:\\A production\\Apti_Test_App-main\\node_modules\\.bin\\rimraf.ps1'
235 silly reify ]
236 silly reify mark retired [
236 silly reify   'D:\\A production\\Apti_Test_App-main\\node_modules\\shebang-command'
236 silly reify ]
237 silly reify mark retired [ 'D:\\A production\\Apti_Test_App-main\\node_modules\\shebang-regex' ]
238 silly reify mark retired [ 'D:\\A production\\Apti_Test_App-main\\node_modules\\signal-exit' ]
239 silly reify mark retired [
239 silly reify   'D:\\A production\\Apti_Test_App-main\\node_modules\\string-width-cjs'
239 silly reify ]
240 silly reify mark retired [
240 silly reify   'D:\\A production\\Apti_Test_App-main\\node_modules\\strip-ansi-cjs'
240 silly reify ]
241 silly reify mark retired [
241 silly reify   'D:\\A production\\Apti_Test_App-main\\node_modules\\which',
241 silly reify   'D:\\A production\\Apti_Test_App-main\\node_modules\\.bin\\node-which',
241 silly reify   'D:\\A production\\Apti_Test_App-main\\node_modules\\.bin\\node-which.cmd',
241 silly reify   'D:\\A production\\Apti_Test_App-main\\node_modules\\.bin\\node-which.ps1'
241 silly reify ]
242 silly reify mark retired [ 'D:\\A production\\Apti_Test_App-main\\node_modules\\wrap-ansi-cjs' ]
243 silly reify moves {
243 silly reify   'D:\\A production\\Apti_Test_App-main\\node_modules\\@google-cloud\\firestore': 'D:\\A production\\Apti_Test_App-main\\node_modules\\@google-cloud\\.firestore-Pyon79kT',
243 silly reify   'D:\\A production\\Apti_Test_App-main\\node_modules\\@isaacs\\cliui': 'D:\\A production\\Apti_Test_App-main\\node_modules\\@isaacs\\.cliui-T1anWwtt',
243 silly reify   'D:\\A production\\Apti_Test_App-main\\node_modules\\@next\\env': 'D:\\A production\\Apti_Test_App-main\\node_modules\\@next\\.env-tLsgW20k',
243 silly reify   'D:\\A production\\Apti_Test_App-main\\node_modules\\@next\\swc-win32-x64-msvc': 'D:\\A production\\Apti_Test_App-main\\node_modules\\@next\\.swc-win32-x64-msvc-tEMqfhQ7',
243 silly reify   'D:\\A production\\Apti_Test_App-main\\node_modules\\@pkgjs\\parseargs': 'D:\\A production\\Apti_Test_App-main\\node_modules\\@pkgjs\\.parseargs-S9vjCMc9',
243 silly reify   'D:\\A production\\Apti_Test_App-main\\node_modules\\balanced-match': 'D:\\A production\\Apti_Test_App-main\\node_modules\\.balanced-match-if4sZuAk',
243 silly reify   'D:\\A production\\Apti_Test_App-main\\node_modules\\brace-expansion': 'D:\\A production\\Apti_Test_App-main\\node_modules\\.brace-expansion-UACM3Ocy',
243 silly reify   'D:\\A production\\Apti_Test_App-main\\node_modules\\cross-spawn': 'D:\\A production\\Apti_Test_App-main\\node_modules\\.cross-spawn-gLTbLMsh',
243 silly reify   'D:\\A production\\Apti_Test_App-main\\node_modules\\eastasianwidth': 'D:\\A production\\Apti_Test_App-main\\node_modules\\.eastasianwidth-0CLN9Ph0',
243 silly reify   'D:\\A production\\Apti_Test_App-main\\node_modules\\firebase-admin': 'D:\\A production\\Apti_Test_App-main\\node_modules\\.firebase-admin-61KdtSrs',
243 silly reify   'D:\\A production\\Apti_Test_App-main\\node_modules\\foreground-child': 'D:\\A production\\Apti_Test_App-main\\node_modules\\.foreground-child-h9ZVuxda',
243 silly reify   'D:\\A production\\Apti_Test_App-main\\node_modules\\glob': 'D:\\A production\\Apti_Test_App-main\\node_modules\\.glob-bHidrLNQ',
243 silly reify   'D:\\A production\\Apti_Test_App-main\\node_modules\\.bin\\glob': 'D:\\A production\\Apti_Test_App-main\\node_modules\\.bin\\.glob-BRLvjZ2p',
243 silly reify   'D:\\A production\\Apti_Test_App-main\\node_modules\\.bin\\glob.cmd': 'D:\\A production\\Apti_Test_App-main\\node_modules\\.bin\\.glob.cmd-GuP7Xbgz',
243 silly reify   'D:\\A production\\Apti_Test_App-main\\node_modules\\.bin\\glob.ps1': 'D:\\A production\\Apti_Test_App-main\\node_modules\\.bin\\.glob.ps1-a3fKVLYs',
243 silly reify   'D:\\A production\\Apti_Test_App-main\\node_modules\\google-gax': 'D:\\A production\\Apti_Test_App-main\\node_modules\\.google-gax-5dhE71HS',
243 silly reify   'D:\\A production\\Apti_Test_App-main\\node_modules\\isexe': 'D:\\A production\\Apti_Test_App-main\\node_modules\\.isexe-imq3Xg1h',
243 silly reify   'D:\\A production\\Apti_Test_App-main\\node_modules\\jackspeak': 'D:\\A production\\Apti_Test_App-main\\node_modules\\.jackspeak-uvhEcMRj',
243 silly reify   'D:\\A production\\Apti_Test_App-main\\node_modules\\jose': 'D:\\A production\\Apti_Test_App-main\\node_modules\\.jose-BxbNsRhQ',
243 silly reify   'D:\\A production\\Apti_Test_App-main\\node_modules\\jwks-rsa': 'D:\\A production\\Apti_Test_App-main\\node_modules\\.jwks-rsa-eBjmebpk',
243 silly reify   'D:\\A production\\Apti_Test_App-main\\node_modules\\lru-cache': 'D:\\A production\\Apti_Test_App-main\\node_modules\\.lru-cache-XYZ9egse',
243 silly reify   'D:\\A production\\Apti_Test_App-main\\node_modules\\lru-memoizer': 'D:\\A production\\Apti_Test_App-main\\node_modules\\.lru-memoizer-3GAcmlCG',
243 silly reify   'D:\\A production\\Apti_Test_App-main\\node_modules\\minimatch': 'D:\\A production\\Apti_Test_App-main\\node_modules\\.minimatch-nyBEzegs',
243 silly reify   'D:\\A production\\Apti_Test_App-main\\node_modules\\minipass': 'D:\\A production\\Apti_Test_App-main\\node_modules\\.minipass-YqFnns7H',
243 silly reify   'D:\\A production\\Apti_Test_App-main\\node_modules\\next': 'D:\\A production\\Apti_Test_App-main\\node_modules\\.next-2wRs2uCQ',
243 silly reify   'D:\\A production\\Apti_Test_App-main\\node_modules\\.bin\\next': 'D:\\A production\\Apti_Test_App-main\\node_modules\\.bin\\.next-qffHL7aD',
243 silly reify   'D:\\A production\\Apti_Test_App-main\\node_modules\\.bin\\next.cmd': 'D:\\A production\\Apti_Test_App-main\\node_modules\\.bin\\.next.cmd-e3e2HtW0',
243 silly reify   'D:\\A production\\Apti_Test_App-main\\node_modules\\.bin\\next.ps1': 'D:\\A production\\Apti_Test_App-main\\node_modules\\.bin\\.next.ps1-IpWDGnuz',
243 silly reify   'D:\\A production\\Apti_Test_App-main\\node_modules\\package-json-from-dist': 'D:\\A production\\Apti_Test_App-main\\node_modules\\.package-json-from-dist-hlJMWUQf',
243 silly reify   'D:\\A production\\Apti_Test_App-main\\node_modules\\path-key': 'D:\\A production\\Apti_Test_App-main\\node_modules\\.path-key-sAKpvoE1',
243 silly reify   'D:\\A production\\Apti_Test_App-main\\node_modules\\path-scurry': 'D:\\A production\\Apti_Test_App-main\\node_modules\\.path-scurry-fAJjwAlu',
243 silly reify   'D:\\A production\\Apti_Test_App-main\\node_modules\\proto3-json-serializer': 'D:\\A production\\Apti_Test_App-main\\node_modules\\.proto3-json-serializer-upSgW3wl',
243 silly reify   'D:\\A production\\Apti_Test_App-main\\node_modules\\rimraf': 'D:\\A production\\Apti_Test_App-main\\node_modules\\.rimraf-d6xxLk6E',
243 silly reify   'D:\\A production\\Apti_Test_App-main\\node_modules\\.bin\\rimraf': 'D:\\A production\\Apti_Test_App-main\\node_modules\\.bin\\.rimraf-KUAQPc1i',
243 silly reify   'D:\\A production\\Apti_Test_App-main\\node_modules\\.bin\\rimraf.cmd': 'D:\\A production\\Apti_Test_App-main\\node_modules\\.bin\\.rimraf.cmd-tVrs42ty',
243 silly reify   'D:\\A production\\Apti_Test_App-main\\node_modules\\.bin\\rimraf.ps1': 'D:\\A production\\Apti_Test_App-main\\node_modules\\.bin\\.rimraf.ps1-XXzFFsKH',
243 silly reify   'D:\\A production\\Apti_Test_App-main\\node_modules\\shebang-command': 'D:\\A production\\Apti_Test_App-main\\node_modules\\.shebang-command-UuyqdukH',
243 silly reify   'D:\\A production\\Apti_Test_App-main\\node_modules\\shebang-regex': 'D:\\A production\\Apti_Test_App-main\\node_modules\\.shebang-regex-bIBegpXF',
243 silly reify   'D:\\A production\\Apti_Test_App-main\\node_modules\\signal-exit': 'D:\\A production\\Apti_Test_App-main\\node_modules\\.signal-exit-4CcYGlMP',
243 silly reify   'D:\\A production\\Apti_Test_App-main\\node_modules\\string-width-cjs': 'D:\\A production\\Apti_Test_App-main\\node_modules\\.string-width-cjs-7GMoT4PB',
243 silly reify   'D:\\A production\\Apti_Test_App-main\\node_modules\\strip-ansi-cjs': 'D:\\A production\\Apti_Test_App-main\\node_modules\\.strip-ansi-cjs-4SCTixvZ',
243 silly reify   'D:\\A production\\Apti_Test_App-main\\node_modules\\which': 'D:\\A production\\Apti_Test_App-main\\node_modules\\.which-xWSfFosV',
243 silly reify   'D:\\A production\\Apti_Test_App-main\\node_modules\\.bin\\node-which': 'D:\\A production\\Apti_Test_App-main\\node_modules\\.bin\\.node-which-ZB4mEBYO',
243 silly reify   'D:\\A production\\Apti_Test_App-main\\node_modules\\.bin\\node-which.cmd': 'D:\\A production\\Apti_Test_App-main\\node_modules\\.bin\\.node-which.cmd-CyXRpF5J',
243 silly reify   'D:\\A production\\Apti_Test_App-main\\node_modules\\.bin\\node-which.ps1': 'D:\\A production\\Apti_Test_App-main\\node_modules\\.bin\\.node-which.ps1-S20TPra3',
243 silly reify   'D:\\A production\\Apti_Test_App-main\\node_modules\\wrap-ansi-cjs': 'D:\\A production\\Apti_Test_App-main\\node_modules\\.wrap-ansi-cjs-Ww9MP3Om'
243 silly reify }
244 silly audit bulk request {
244 silly audit   '@emnapi/runtime': [ '1.11.3' ],
244 silly audit   '@fastify/busboy': [ '3.2.1' ],
244 silly audit   '@firebase/ai': [ '2.14.0' ],
244 silly audit   '@firebase/analytics': [ '0.10.23' ],
244 silly audit   '@firebase/analytics-compat': [ '0.2.29' ],
244 silly audit   '@firebase/analytics-types': [ '0.8.4' ],
244 silly audit   '@firebase/app': [ '0.16.0' ],
244 silly audit   '@firebase/app-check': [ '0.13.0' ],
244 silly audit   '@firebase/app-check-compat': [ '0.4.6' ],
244 silly audit   '@firebase/app-check-interop-types': [ '0.3.4' ],
244 silly audit   '@firebase/app-check-types': [ '0.5.4' ],
244 silly audit   '@firebase/app-compat': [ '0.5.16' ],
244 silly audit   '@firebase/app-types': [ '0.9.5' ],
244 silly audit   '@firebase/auth': [ '1.13.4' ],
244 silly audit   '@firebase/auth-compat': [ '0.6.9' ],
244 silly audit   '@firebase/auth-interop-types': [ '0.2.5' ],
244 silly audit   '@firebase/auth-types': [ '0.13.1' ],
244 silly audit   '@firebase/component': [ '0.7.4' ],
244 silly audit   '@firebase/data-connect': [ '0.7.3' ],
244 silly audit   '@firebase/database': [ '1.1.4' ],
244 silly audit   '@firebase/database-compat': [ '2.1.6' ],
244 silly audit   '@firebase/database-types': [ '1.0.21' ],
244 silly audit   '@firebase/firestore': [ '4.17.0' ],
244 silly audit   '@firebase/firestore-compat': [ '0.4.12' ],
244 silly audit   '@firebase/firestore-types': [ '3.0.4' ],
244 silly audit   '@firebase/functions': [ '0.13.6' ],
244 silly audit   '@firebase/functions-compat': [ '0.4.6' ],
244 silly audit   '@firebase/functions-types': [ '0.6.4' ],
244 silly audit   '@firebase/installations': [ '0.6.23' ],
244 silly audit   '@firebase/installations-compat': [ '0.2.23' ],
244 silly audit   '@firebase/installations-types': [ '0.5.4' ],
244 silly audit   '@firebase/logger': [ '0.5.1' ],
244 silly audit   '@firebase/messaging': [ '0.13.1' ],
244 silly audit   '@firebase/messaging-compat': [ '0.2.28' ],
244 silly audit   '@firebase/messaging-interop-types': [ '0.2.5' ],
244 silly audit   '@firebase/performance': [ '0.7.13' ],
244 silly audit   '@firebase/performance-compat': [ '0.2.26' ],
244 silly audit   '@firebase/performance-types': [ '0.2.4' ],
244 silly audit   '@firebase/remote-config': [ '0.9.1' ],
244 silly audit   '@firebase/remote-config-compat': [ '0.2.28' ],
244 silly audit   '@firebase/remote-config-types': [ '0.5.1' ],
244 silly audit   '@firebase/storage': [ '0.14.4' ],
244 silly audit   '@firebase/storage-compat': [ '0.4.4' ],
244 silly audit   '@firebase/storage-types': [ '0.8.4' ],
244 silly audit   '@firebase/util': [ '1.15.2' ],
244 silly audit   '@firebase/webchannel-wrapper': [ '1.0.6' ],
244 silly audit   '@google-cloud/paginator': [ '5.0.2' ],
244 silly audit   '@google-cloud/projectify': [ '4.0.0' ],
244 silly audit   '@google-cloud/promisify': [ '4.0.0' ],
244 silly audit   '@google-cloud/storage': [ '7.22.0' ],
244 silly audit   'gcp-metadata': [ '6.1.1', '8.1.2' ],
244 silly audit   'google-auth-library': [ '9.15.1', '10.9.1' ],
244 silly audit   'google-logging-utils': [ '0.0.2', '1.1.3' ],
244 silly audit   '@grpc/grpc-js': [ '1.9.16', '1.14.4' ],
244 silly audit   '@grpc/proto-loader': [ '0.7.15', '0.8.1' ],
244 silly audit   '@img/colour': [ '1.1.0' ],
244 silly audit   '@img/sharp-darwin-arm64': [ '0.34.5' ],
244 silly audit   '@img/sharp-darwin-x64': [ '0.34.5' ],
244 silly audit   '@img/sharp-libvips-darwin-arm64': [ '1.2.4' ],
244 silly audit   '@img/sharp-libvips-darwin-x64': [ '1.2.4' ],
244 silly audit   '@img/sharp-libvips-linux-arm': [ '1.2.4' ],
244 silly audit   '@img/sharp-libvips-linux-arm64': [ '1.2.4' ],
244 silly audit   '@img/sharp-libvips-linux-ppc64': [ '1.2.4' ],
244 silly audit   '@img/sharp-libvips-linux-riscv64': [ '1.2.4' ],
244 silly audit   '@img/sharp-libvips-linux-s390x': [ '1.2.4' ],
244 silly audit   '@img/sharp-libvips-linux-x64': [ '1.2.4' ],
244 silly audit   '@img/sharp-libvips-linuxmusl-arm64': [ '1.2.4' ],
244 silly audit   '@img/sharp-libvips-linuxmusl-x64': [ '1.2.4' ],
244 silly audit   '@img/sharp-linux-arm': [ '0.34.5' ],
244 silly audit   '@img/sharp-linux-arm64': [ '0.34.5' ],
244 silly audit   '@img/sharp-linux-ppc64': [ '0.34.5' ],
244 silly audit   '@img/sharp-linux-riscv64': [ '0.34.5' ],
244 silly audit   '@img/sharp-linux-s390x': [ '0.34.5' ],
244 silly audit   '@img/sharp-linux-x64': [ '0.34.5' ],
244 silly audit   '@img/sharp-linuxmusl-arm64': [ '0.34.5' ],
244 silly audit   '@img/sharp-linuxmusl-x64': [ '0.34.5' ],
244 silly audit   '@img/sharp-wasm32': [ '0.34.5' ],
244 silly audit   '@img/sharp-win32-arm64': [ '0.34.5' ],
244 silly audit   '@img/sharp-win32-ia32': [ '0.34.5' ],
244 silly audit   '@img/sharp-win32-x64': [ '0.34.5' ],
244 silly audit   'ansi-regex': [ '5.0.1' ],
244 silly audit   'ansi-styles': [ '4.3.0' ],
244 silly audit   'emoji-regex': [ '8.0.0' ],
244 silly audit   'string-width': [ '4.2.3' ],
244 silly audit   'strip-ansi': [ '6.0.1' ],
244 silly audit   'wrap-ansi': [ '7.0.0' ],
244 silly audit   '@nodable/entities': [ '3.0.0' ],
244 silly audit   '@opentelemetry/api': [ '1.9.1' ],
244 silly audit   '@protobufjs/aspromise': [ '1.1.2' ],
244 silly audit   '@protobufjs/base64': [ '1.1.2' ],
244 silly audit   '@protobufjs/codegen': [ '2.0.5' ],
244 silly audit   '@protobufjs/eventemitter': [ '1.1.1' ],
244 silly audit   '@protobufjs/fetch': [ '1.1.1' ],
244 silly audit   '@protobufjs/float': [ '1.0.2' ],
244 silly audit   '@protobufjs/path': [ '1.1.2' ],
244 silly audit   '@protobufjs/pool': [ '1.1.0' ],
244 silly audit   '@protobufjs/utf8': [ '1.1.2' ],
244 silly audit   '@swc/helpers': [ '0.5.15' ],
244 silly audit   '@tootallnate/once': [ '2.0.1' ],
244 silly audit   '@types/caseless': [ '0.12.5' ],
244 silly audit   '@types/node': [ '26.2.0' ],
244 silly audit   '@types/request': [ '2.48.13' ],
244 silly audit   '@types/tough-cookie': [ '4.0.5' ],
244 silly audit   'abort-controller': [ '3.0.0' ],
244 silly audit   'adler-32': [ '1.3.1' ],
244 silly audit   'agent-base': [ '7.1.4', '6.0.2' ],
244 silly audit   anynum: [ '1.0.1' ],
244 silly audit   arrify: [ '2.0.1' ],
244 silly audit   'async-retry': [ '1.3.3' ],
244 silly audit   asynckit: [ '0.4.0' ],
244 silly audit   'base64-js': [ '1.5.1' ],
244 silly audit   bcryptjs: [ '2.4.3' ],
244 silly audit   'bignumber.js': [ '9.3.1' ],
244 silly audit   'buffer-equal-constant-time': [ '1.0.1' ],
244 silly audit   'call-bind-apply-helpers': [ '1.0.2' ],
244 silly audit   'caniuse-lite': [ '1.0.30001809' ],
244 silly audit   cfb: [ '1.2.2' ],
244 silly audit   'client-only': [ '0.0.1' ],
244 silly audit   cliui: [ '8.0.1' ],
244 silly audit   codepage: [ '1.15.0' ],
244 silly audit   'color-convert': [ '2.0.1' ],
244 silly audit   'color-name': [ '1.1.4' ],
244 silly audit   'combined-stream': [ '1.0.8' ],
244 silly audit   'crc-32': [ '1.2.2' ],
244 silly audit   'data-uri-to-buffer': [ '4.0.1' ],
244 silly audit   debug: [ '4.4.3' ],
244 silly audit   'delayed-stream': [ '1.0.0' ],
244 silly audit   'detect-libc': [ '2.1.2' ],
244 silly audit   'dunder-proto': [ '1.0.1' ],
244 silly audit   duplexify: [ '4.1.3' ],
244 silly audit   'ecdsa-sig-formatter': [ '1.0.11' ],
244 silly audit   'end-of-stream': [ '1.4.5' ],
244 silly audit   'es-define-property': [ '1.0.1' ],
244 silly audit   'es-errors': [ '1.3.0' ],
244 silly audit   'es-object-atoms': [ '1.1.2' ],
244 silly audit   'es-set-tostringtag': [ '2.1.0' ],
244 silly audit   escalade: [ '3.2.0' ],
244 silly audit   'event-target-shim': [ '5.0.1' ],
244 silly audit   extend: [ '3.0.2' ],
244 silly audit   'fast-xml-builder': [ '1.3.1' ],
244 silly audit   'fast-xml-parser': [ '5.10.1' ],
244 silly audit   'faye-websocket': [ '0.11.4' ],
244 silly audit   'fetch-blob': [ '3.2.0' ],
244 silly audit   firebase: [ '12.17.1' ],
244 silly audit   'form-data': [ '2.5.6' ],
244 silly audit   'formdata-polyfill': [ '4.0.10' ],
244 silly audit   frac: [ '1.1.2' ],
244 silly audit   'function-bind': [ '1.1.2' ],
244 silly audit   gaxios: [ '6.7.1', '7.3.1' ],
244 silly audit   'node-fetch': [ '3.3.2', '2.7.0' ],
244 silly audit   'get-caller-file': [ '2.0.5' ],
244 silly audit   'get-intrinsic': [ '1.3.0' ],
244 silly audit   'get-proto': [ '1.0.1' ],
244 silly audit   gtoken: [ '7.1.0' ],
244 silly audit   'http-proxy-agent': [ '5.0.0' ],
244 silly audit   'retry-request': [ '7.0.2' ],
244 silly audit   'teeny-request': [ '9.0.0' ],
244 silly audit   gopd: [ '1.2.0' ],
244 silly audit   'has-symbols': [ '1.1.0' ],
244 silly audit   'has-tostringtag': [ '1.0.2' ],
244 silly audit   hasown: [ '2.0.4' ],
244 silly audit   'html-entities': [ '2.6.0' ],
244 silly audit   'http-parser-js': [ '0.5.10' ],
244 silly audit   'https-proxy-agent': [ '7.0.6', '5.0.1' ],
244 silly audit   idb: [ '7.1.1' ],
244 silly audit   inherits: [ '2.0.4' ],
244 silly audit   'is-fullwidth-code-point': [ '3.0.0' ],
244 silly audit   'is-stream': [ '2.0.1' ],
244 silly audit   'is-unsafe': [ '2.0.0' ],
244 silly audit   'json-bigint': [ '1.0.0' ],
244 silly audit   jsonwebtoken: [ '9.0.3' ],
244 silly audit   jwa: [ '2.0.1' ],
244 silly audit   jws: [ '4.0.1' ],
244 silly audit   'lodash.camelcase': [ '4.3.0' ],
244 silly audit   'lodash.includes': [ '4.3.0' ],
244 silly audit   'lodash.isboolean': [ '3.0.3' ],
244 silly audit   'lodash.isinteger': [ '4.0.4' ],
244 silly audit   'lodash.isnumber': [ '3.0.3' ],
244 silly audit   'lodash.isplainobject': [ '4.0.6' ],
244 silly audit   'lodash.isstring': [ '4.0.1' ],
244 silly audit   'lodash.once': [ '4.1.1' ],
244 silly audit   long: [ '5.3.2' ],
244 silly audit   'math-intrinsics': [ '1.1.0' ],
244 silly audit   mime: [ '3.0.0' ],
244 silly audit   'mime-db': [ '1.52.0' ],
244 silly audit   'mime-types': [ '2.1.35' ],
244 silly audit   ms: [ '2.1.3' ],
244 silly audit   nanoid: [ '3.3.18' ],
244 silly audit   'node-domexception': [ '1.0.0' ],
244 silly audit   once: [ '1.4.0' ],
244 silly audit   'p-limit': [ '3.1.0' ],
244 silly audit   'path-expression-matcher': [ '1.6.2' ],
244 silly audit   picocolors: [ '1.1.1' ],
244 silly audit   postcss: [ '8.4.31' ],
244 silly audit   protobufjs: [ '7.6.5' ],
244 silly audit   re2js: [ '2.8.6' ],
244 silly audit   react: [ '19.2.8' ],
244 silly audit   'react-dom': [ '19.2.8' ],
244 silly audit   'readable-stream': [ '3.6.2' ],
244 silly audit   'require-directory': [ '2.1.1' ],
244 silly audit   retry: [ '0.13.1' ],
244 silly audit   'safe-buffer': [ '5.2.1' ],
244 silly audit   scheduler: [ '0.27.0' ],
244 silly audit   semver: [ '7.8.5' ],
244 silly audit   sharp: [ '0.34.5' ],
244 silly audit   'source-map-js': [ '1.2.1' ],
244 silly audit   ssf: [ '0.11.2' ],
244 silly audit   'stream-events': [ '1.0.5' ],
244 silly audit   'stream-shift': [ '1.0.3' ],
244 silly audit   string_decoder: [ '1.3.0' ],
244 silly audit   strnum: [ '2.4.2' ],
244 silly audit   stubs: [ '3.0.0' ],
244 silly audit   'styled-jsx': [ '5.1.6' ],
244 silly audit   tr46: [ '0.0.3' ],
244 silly audit   tslib: [ '2.8.1' ],
244 silly audit   'undici-types': [ '8.3.0' ],
244 silly audit   'util-deprecate': [ '1.0.2' ],
244 silly audit   uuid: [ '9.0.1' ],
244 silly audit   'web-streams-polyfill': [ '3.3.3' ],
244 silly audit   'web-vitals': [ '4.2.4' ],
244 silly audit   'webidl-conversions': [ '3.0.1' ],
244 silly audit   'websocket-driver': [ '0.7.5' ],
244 silly audit   'websocket-extensions': [ '0.1.4' ],
244 silly audit   'whatwg-url': [ '5.0.0' ],
244 silly audit   wmf: [ '1.0.2' ],
244 silly audit   word: [ '0.3.0' ],
244 silly audit   wrappy: [ '1.0.2' ],
244 silly audit   xlsx: [ '0.18.5' ],
244 silly audit   'xml-naming': [ '0.3.0' ],
244 silly audit   y18n: [ '5.0.8' ],
244 silly audit   yargs: [ '17.7.3' ],
244 silly audit   'yargs-parser': [ '21.1.1' ],
244 silly audit   'yocto-queue': [ '0.1.0' ],
244 silly audit   'firebase-admin': [ '13.10.0' ],
244 silly audit   next: [ '15.5.23' ],
244 silly audit   '@google-cloud/firestore': [ '7.11.6' ],
244 silly audit   'farmhash-modern': [ '1.1.0' ],
244 silly audit   'fast-deep-equal': [ '3.1.3' ],
244 silly audit   'jwks-rsa': [ '3.2.2' ],
244 silly audit   'functional-red-black-tree': [ '1.0.1' ],
244 silly audit   'google-gax': [ '4.6.1' ],
244 silly audit   '@types/long': [ '4.0.2' ],
244 silly audit   'object-hash': [ '3.0.0' ],
244 silly audit   'proto3-json-serializer': [ '2.0.2' ],
244 silly audit   '@types/jsonwebtoken': [ '9.0.10' ],
244 silly audit   jose: [ '4.15.9' ],
244 silly audit   limiter: [ '1.1.5' ],
244 silly audit   'lru-memoizer': [ '2.3.0' ],
244 silly audit   '@types/ms': [ '2.1.0' ],
244 silly audit   'lodash.clonedeep': [ '4.5.0' ],
244 silly audit   'lru-cache': [ '6.0.0' ],
244 silly audit   yallist: [ '4.0.0' ],
244 silly audit   '@next/env': [ '15.5.23' ],
244 silly audit   '@next/swc-darwin-arm64': [ '15.5.23' ],
244 silly audit   '@next/swc-darwin-x64': [ '15.5.23' ],
244 silly audit   '@next/swc-linux-arm64-gnu': [ '15.5.23' ],
244 silly audit   '@next/swc-linux-arm64-musl': [ '15.5.23' ],
244 silly audit   '@next/swc-linux-x64-gnu': [ '15.5.23' ],
244 silly audit   '@next/swc-linux-x64-musl': [ '15.5.23' ],
244 silly audit   '@next/swc-win32-arm64-msvc': [ '15.5.23' ],
244 silly audit   '@next/swc-win32-x64-msvc': [ '15.5.23' ],
244 silly audit   '@js-sdsl/ordered-map': [ '4.4.2' ]
244 silly audit }
245 http cache yallist@https://registry.npmjs.org/yallist/-/yallist-4.0.0.tgz 0ms (cache hit)
246 http cache @types/long@https://registry.npmjs.org/@types/long/-/long-4.0.2.tgz 0ms (cache hit)
247 http cache farmhash-modern@https://registry.npmjs.org/farmhash-modern/-/farmhash-modern-1.1.0.tgz 0ms (cache hit)
248 http cache proto3-json-serializer@https://registry.npmjs.org/proto3-json-serializer/-/proto3-json-serializer-2.0.2.tgz 0ms (cache hit)
249 http cache next@https://registry.npmjs.org/next/-/next-15.5.23.tgz 0ms (cache hit)
250 http cache lru-memoizer@https://registry.npmjs.org/lru-memoizer/-/lru-memoizer-2.3.0.tgz 0ms (cache hit)
251 http cache lru-cache@https://registry.npmjs.org/lru-cache/-/lru-cache-6.0.0.tgz 0ms (cache hit)
252 http cache jwks-rsa@https://registry.npmjs.org/jwks-rsa/-/jwks-rsa-3.2.2.tgz 0ms (cache hit)
253 http cache @next/swc-win32-x64-msvc@https://registry.npmjs.org/@next/swc-win32-x64-msvc/-/swc-win32-x64-msvc-15.5.23.tgz 0ms (cache hit)
254 http cache jose@https://registry.npmjs.org/jose/-/jose-4.15.9.tgz 0ms (cache hit)
255 http cache @next/env@https://registry.npmjs.org/@next/env/-/env-15.5.23.tgz 0ms (cache hit)
256 http cache google-gax@https://registry.npmjs.org/google-gax/-/google-gax-4.6.1.tgz 0ms (cache hit)
257 http cache @google-cloud/firestore@https://registry.npmjs.org/@google-cloud/firestore/-/firestore-7.11.6.tgz 0ms (cache hit)
258 http cache firebase-admin@https://registry.npmjs.org/firebase-admin/-/firebase-admin-13.10.0.tgz 0ms (cache hit)
259 http cache @grpc/proto-loader@https://registry.npmjs.org/@grpc/proto-loader/-/proto-loader-0.8.1.tgz 0ms (cache hit)
260 silly tarball no local data for yallist@https://registry.npmjs.org/yallist/-/yallist-4.0.0.tgz. Extracting by manifest.
261 silly tarball no local data for @types/long@https://registry.npmjs.org/@types/long/-/long-4.0.2.tgz. Extracting by manifest.
262 silly tarball no local data for farmhash-modern@https://registry.npmjs.org/farmhash-modern/-/farmhash-modern-1.1.0.tgz. Extracting by manifest.
263 silly tarball no local data for proto3-json-serializer@https://registry.npmjs.org/proto3-json-serializer/-/proto3-json-serializer-2.0.2.tgz. Extracting by manifest.
264 silly tarball no local data for lru-memoizer@https://registry.npmjs.org/lru-memoizer/-/lru-memoizer-2.3.0.tgz. Extracting by manifest.
265 silly tarball no local data for lru-cache@https://registry.npmjs.org/lru-cache/-/lru-cache-6.0.0.tgz. Extracting by manifest.
266 silly tarball no local data for jwks-rsa@https://registry.npmjs.org/jwks-rsa/-/jwks-rsa-3.2.2.tgz. Extracting by manifest.
267 silly tarball no local data for jose@https://registry.npmjs.org/jose/-/jose-4.15.9.tgz. Extracting by manifest.
268 http cache google-logging-utils@https://registry.npmjs.org/google-logging-utils/-/google-logging-utils-0.0.2.tgz 0ms (cache hit)
269 silly tarball no local data for google-gax@https://registry.npmjs.org/google-gax/-/google-gax-4.6.1.tgz. Extracting by manifest.
270 silly tarball no local data for @google-cloud/firestore@https://registry.npmjs.org/@google-cloud/firestore/-/firestore-7.11.6.tgz. Extracting by manifest.
271 silly tarball no local data for firebase-admin@https://registry.npmjs.org/firebase-admin/-/firebase-admin-13.10.0.tgz. Extracting by manifest.
272 http cache google-auth-library@https://registry.npmjs.org/google-auth-library/-/google-auth-library-9.15.1.tgz 0ms (cache hit)
273 http cache gcp-metadata@https://registry.npmjs.org/gcp-metadata/-/gcp-metadata-6.1.1.tgz 0ms (cache hit)
274 http fetch POST 200 https://registry.npmjs.org/-/npm/v1/security/advisories/bulk 1561ms
275 silly audit report {
275 silly audit report   postcss: [
275 silly audit report     {
275 silly audit report       id: 1130709,
275 silly audit report       url: 'https://github.com/advisories/GHSA-fxqj-rqcc-2cmp',
275 silly audit report       title: 'PostCSS: incomplete fix of GHSA-6g55-p6wh-862q — attacker-controlled sourceMappingURL reads arbitrary .map files when `from` is unset',
275 silly audit report       severity: 'moderate',
275 silly audit report       vulnerable_versions: '<=8.5.22',
275 silly audit report       cwe: [Array],
275 silly audit report       cvss: [Object]
275 silly audit report     },
275 silly audit report     {
275 silly audit report       id: 1117015,
275 silly audit report       url: 'https://github.com/advisories/GHSA-qx2v-qp2m-jg93',
275 silly audit report       title: 'PostCSS has XSS via Unescaped </style> in its CSS Stringify Output',
275 silly audit report       severity: 'moderate',
275 silly audit report       vulnerable_versions: '<8.5.10',
275 silly audit report       cwe: [Array],
275 silly audit report       cvss: [Object]
275 silly audit report     },
275 silly audit report     {
275 silly audit report       id: 1124252,
275 silly audit report       url: 'https://github.com/advisories/GHSA-6g55-p6wh-862q',
275 silly audit report       title: 'PostCSS: Arbitrary file read and information disclosure via attacker-controlled sourceMappingURL in CSS comments',
275 silly audit report       severity: 'high',
275 silly audit report       vulnerable_versions: '<=8.5.11',
275 silly audit report       cwe: [Array],
275 silly audit report       cvss: [Object]
275 silly audit report     },
275 silly audit report     {
275 silly audit report       id: 1139510,
275 silly audit report       url: 'https://github.com/advisories/GHSA-r28c-9q8g-f849',
275 silly audit report       title: 'PostCSS: Path Traversal in Previous Source Map Auto-Loading (sourceMappingURL) leads to Arbitrary .map File Disclosure',
275 silly audit report       severity: 'high',
275 silly audit report       vulnerable_versions: '<=8.5.17',
275 silly audit report       cwe: [Array],
275 silly audit report       cvss: [Object]
275 silly audit report     }
275 silly audit report   ],
275 silly audit report   sharp: [
275 silly audit report     {
275 silly audit report       id: 1124066,
275 silly audit report       url: 'https://github.com/advisories/GHSA-f88m-g3jw-g9cj',
275 silly audit report       title: 'sharp inherited vulnerabilities in libvips: CVE-2026-33327, CVE-2026-33328, CVE-2026-35590, CVE-2026-35591',
275 silly audit report       severity: 'high',
275 silly audit report       vulnerable_versions: '<0.35.0',
275 silly audit report       cwe: [Array],
275 silly audit report       cvss: [Object]
275 silly audit report     }
275 silly audit report   ],
275 silly audit report   uuid: [
275 silly audit report     {
275 silly audit report       id: 1119441,
275 silly audit report       url: 'https://github.com/advisories/GHSA-w5hq-g745-h8pq',
275 silly audit report       title: 'uuid: Missing buffer bounds check in v3/v5/v6 when buf is provided',
275 silly audit report       severity: 'moderate',
275 silly audit report       vulnerable_versions: '<11.1.1',
275 silly audit report       cwe: [Array],
275 silly audit report       cvss: [Object]
275 silly audit report     }
275 silly audit report   ],
275 silly audit report   xlsx: [
275 silly audit report     {
275 silly audit report       id: 1108110,
275 silly audit report       url: 'https://github.com/advisories/GHSA-4r6h-8v6p-xvw6',
275 silly audit report       title: 'Prototype Pollution in sheetJS',
275 silly audit report       severity: 'high',
275 silly audit report       vulnerable_versions: '<0.19.3',
275 silly audit report       cwe: [Array],
275 silly audit report       cvss: [Object]
275 silly audit report     },
275 silly audit report     {
275 silly audit report       id: 1108111,
275 silly audit report       url: 'https://github.com/advisories/GHSA-5pgg-2g8v-p4x9',
275 silly audit report       title: 'SheetJS Regular Expression Denial of Service (ReDoS)',
275 silly audit report       severity: 'high',
275 silly audit report       vulnerable_versions: '<0.20.2',
275 silly audit report       cwe: [Array],
275 silly audit report       cvss: [Object]
275 silly audit report     }
275 silly audit report   ]
275 silly audit report }
276 silly packumentCache corgi:https://registry.npmjs.org/postcss cache-miss
277 silly packumentCache corgi:https://registry.npmjs.org/sharp cache-miss
278 silly packumentCache corgi:https://registry.npmjs.org/uuid cache-miss
279 silly packumentCache corgi:https://registry.npmjs.org/xlsx cache-miss
280 http fetch GET 200 https://registry.npmjs.org/@types/long/-/long-4.0.2.tgz 1570ms (cache miss)
281 http fetch GET 200 https://registry.npmjs.org/lru-cache/-/lru-cache-6.0.0.tgz 1568ms (cache miss)
282 http fetch GET 200 https://registry.npmjs.org/yallist/-/yallist-4.0.0.tgz 1573ms (cache miss)
283 http fetch GET 200 https://registry.npmjs.org/jwks-rsa/-/jwks-rsa-3.2.2.tgz 1569ms (cache miss)
284 http cache https://registry.npmjs.org/sharp 47ms (cache hit)
285 silly packumentCache corgi:https://registry.npmjs.org/sharp set size:291503 disposed:false
286 http cache https://registry.npmjs.org/xlsx 54ms (cache hit)
287 silly packumentCache corgi:https://registry.npmjs.org/xlsx set size:134408 disposed:false
288 http cache https://registry.npmjs.org/postcss 61ms (cache hit)
289 silly packumentCache corgi:https://registry.npmjs.org/postcss set size:355680 disposed:false
290 http cache https://registry.npmjs.org/uuid 67ms (cache hit)
291 silly packumentCache corgi:https://registry.npmjs.org/uuid set size:82973 disposed:false
292 silly packumentCache corgi:https://registry.npmjs.org/next cache-miss
293 http cache https://registry.npmjs.org/next 105ms (cache hit)
294 silly packumentCache corgi:https://registry.npmjs.org/next set size:25459826 disposed:false
295 silly packumentCache corgi:https://registry.npmjs.org/gaxios cache-miss
296 silly packumentCache corgi:https://registry.npmjs.org/teeny-request cache-miss
297 silly packumentCache corgi:https://registry.npmjs.org/google-gax cache-miss
298 http cache https://registry.npmjs.org/teeny-request 40ms (cache hit)
299 silly packumentCache corgi:https://registry.npmjs.org/teeny-request set size:102216 disposed:false
300 http cache https://registry.npmjs.org/gaxios 42ms (cache hit)
301 silly packumentCache corgi:https://registry.npmjs.org/gaxios set size:204522 disposed:false
302 http fetch GET 200 https://registry.npmjs.org/farmhash-modern/-/farmhash-modern-1.1.0.tgz 2226ms (cache miss)
303 http fetch GET 200 https://registry.npmjs.org/lru-memoizer/-/lru-memoizer-2.3.0.tgz 2253ms (cache miss)
304 http fetch GET 200 https://registry.npmjs.org/proto3-json-serializer/-/proto3-json-serializer-2.0.2.tgz 2331ms (cache miss)
305 http fetch GET 200 https://registry.npmjs.org/google-gax 524ms (cache miss)
306 silly packumentCache corgi:https://registry.npmjs.org/google-gax set size:undefined disposed:false
307 silly packumentCache corgi:https://registry.npmjs.org/@google-cloud%2fstorage cache-miss
308 silly packumentCache corgi:https://registry.npmjs.org/retry-request cache-miss
309 http cache https://registry.npmjs.org/retry-request 20ms (cache hit)
310 silly packumentCache corgi:https://registry.npmjs.org/retry-request set size:44428 disposed:false
311 http cache https://registry.npmjs.org/@google-cloud%2fstorage 24ms (cache hit)
312 silly packumentCache corgi:https://registry.npmjs.org/@google-cloud%2fstorage set size:483877 disposed:false
313 silly packumentCache corgi:https://registry.npmjs.org/gcp-metadata cache-miss
314 silly packumentCache corgi:https://registry.npmjs.org/google-auth-library cache-miss
315 silly packumentCache corgi:https://registry.npmjs.org/gtoken cache-miss
316 http cache https://registry.npmjs.org/gcp-metadata 18ms (cache hit)
317 silly packumentCache corgi:https://registry.npmjs.org/gcp-metadata set size:94422 disposed:false
318 http cache https://registry.npmjs.org/google-auth-library 19ms (cache hit)
319 silly packumentCache corgi:https://registry.npmjs.org/google-auth-library set size:376934 disposed:false
320 http cache https://registry.npmjs.org/gtoken 21ms (cache hit)
321 silly packumentCache corgi:https://registry.npmjs.org/gtoken set size:74319 disposed:false
322 silly packumentCache corgi:https://registry.npmjs.org/@google-cloud%2ffirestore cache-miss
323 http fetch GET 200 https://registry.npmjs.org/@google-cloud%2ffirestore 406ms (cache miss)
324 silly packumentCache corgi:https://registry.npmjs.org/@google-cloud%2ffirestore set size:undefined disposed:false
325 silly packumentCache corgi:https://registry.npmjs.org/firebase-admin cache-miss
326 http cache https://registry.npmjs.org/firebase-admin 114ms (cache hit)
327 silly packumentCache corgi:https://registry.npmjs.org/firebase-admin set size:349635 disposed:false
328 http fetch GET 200 https://registry.npmjs.org/firebase-admin/-/firebase-admin-13.10.0.tgz 3646ms (cache miss)
329 http fetch GET 200 https://registry.npmjs.org/@google-cloud/firestore/-/firestore-7.11.6.tgz 3904ms (cache miss)
330 http fetch GET 200 https://registry.npmjs.org/jose/-/jose-4.15.9.tgz 3945ms (cache miss)
331 http fetch GET 200 https://registry.npmjs.org/google-gax/-/google-gax-4.6.1.tgz 6405ms (cache miss)
332 silly ADD node_modules/yallist
333 silly ADD node_modules/@types/long
334 silly ADD node_modules/farmhash-modern
335 silly REMOVE node_modules/wrap-ansi-cjs
336 silly REMOVE node_modules/which
337 silly REMOVE node_modules/strip-ansi-cjs
338 silly REMOVE node_modules/string-width-cjs
339 silly REMOVE node_modules/signal-exit
340 silly REMOVE node_modules/shebang-regex
341 silly REMOVE node_modules/shebang-command
342 silly REMOVE node_modules/rimraf
343 silly CHANGE node_modules/proto3-json-serializer
344 silly REMOVE node_modules/path-scurry
345 silly REMOVE node_modules/path-scurry/node_modules/lru-cache
346 silly REMOVE node_modules/path-key
347 silly REMOVE node_modules/package-json-from-dist
348 silly CHANGE node_modules/next
349 silly REMOVE node_modules/minipass
350 silly REMOVE node_modules/minimatch
351 silly CHANGE node_modules/lru-memoizer
352 silly CHANGE node_modules/lru-cache
353 silly CHANGE node_modules/jwks-rsa
354 silly CHANGE node_modules/jose
355 silly REMOVE node_modules/jackspeak
356 silly REMOVE node_modules/isexe
357 silly CHANGE node_modules/google-gax
358 silly ADD node_modules/google-gax/node_modules/google-logging-utils
359 silly ADD node_modules/google-gax/node_modules/gcp-metadata
360 silly REMOVE node_modules/google-gax/node_modules/teeny-request
361 silly REMOVE node_modules/google-gax/node_modules/retry-request
362 silly REMOVE node_modules/google-gax/node_modules/node-fetch
363 silly REMOVE node_modules/google-gax/node_modules/http-proxy-agent
364 silly REMOVE node_modules/google-gax/node_modules/gtoken
365 silly CHANGE node_modules/google-gax/node_modules/google-auth-library
366 silly REMOVE node_modules/google-gax/node_modules/gaxios
367 silly REMOVE node_modules/google-gax/node_modules/@grpc/proto-loader
368 silly ADD node_modules/google-gax/node_modules/@grpc/grpc-js/node_modules/@grpc/proto-loader
369 silly REMOVE node_modules/glob
370 silly REMOVE node_modules/foreground-child
371 silly CHANGE node_modules/firebase-admin
372 silly REMOVE node_modules/eastasianwidth
373 silly REMOVE node_modules/cross-spawn
374 silly REMOVE node_modules/brace-expansion
375 silly REMOVE node_modules/balanced-match
376 silly REMOVE node_modules/@pkgjs/parseargs
377 silly CHANGE node_modules/@next/swc-win32-x64-msvc
378 silly CHANGE node_modules/@next/env
379 silly REMOVE node_modules/@isaacs/cliui
380 silly REMOVE node_modules/@isaacs/cliui/node_modules/wrap-ansi
381 silly REMOVE node_modules/@isaacs/cliui/node_modules/strip-ansi
382 silly REMOVE node_modules/@isaacs/cliui/node_modules/string-width
383 silly REMOVE node_modules/@isaacs/cliui/node_modules/emoji-regex
384 silly REMOVE node_modules/@isaacs/cliui/node_modules/ansi-styles
385 silly REMOVE node_modules/@isaacs/cliui/node_modules/ansi-regex
386 silly CHANGE node_modules/@google-cloud/firestore
387 warn allow-scripts 3 packages have install scripts not yet covered by allowScripts:
387 warn allow-scripts   @firebase/util@1.15.2 (install: (install scripts present))
387 warn allow-scripts   protobufjs@7.6.5 (install: (install scripts present))
387 warn allow-scripts   sharp@0.34.5 (install: (install scripts present))
387 warn allow-scripts
387 warn allow-scripts Run `npm approve-scripts --allow-scripts-pending` to review, or `npm approve-scripts <pkg>` to allow.
388 verbose cwd D:\A production\Apti_Test_App-main
389 verbose os Windows_NT 10.0.26200
390 verbose node v24.18.1
391 verbose npm  v11.16.0
392 verbose exit 0
393 info ok
