0 verbose cli C:\Program Files\nodejs\node.exe C:\Program Files\nodejs\node_modules\npm\bin\npm-cli.js
1 info using npm@11.16.0
2 info using node@v24.18.1
3 silly config load:file:C:\Program Files\nodejs\node_modules\npm\npmrc
4 silly config load:file:D:\A production\Apti_Test_App-main\.npmrc
5 silly config load:file:C:\Users\VIVEK\.npmrc
6 silly config load:file:C:\Users\VIVEK\AppData\Roaming\npm\etc\npmrc
7 verbose title npm view next@15.5.9 peerDependencies
8 verbose argv "view" "next@15.5.9" "peerDependencies" "--json" "--cache" ".npm-cache"
9 verbose logfile logs-max:10 dir:D:\A production\Apti_Test_App-main\.npm-cache\_logs\2026-08-15T13_11_14_953Z-
10 verbose logfile D:\A production\Apti_Test_App-main\.npm-cache\_logs\2026-08-15T13_11_14_953Z-debug-0.log
11 silly logfile start cleaning logs, removing 1 files
12 silly logfile done cleaning log files
13 http fetch GET 200 https://registry.npmjs.org/next 382ms (cache revalidated)
14 verbose cwd D:\A production\Apti_Test_App-main
15 verbose os Windows_NT 10.0.26200
16 verbose node v24.18.1
17 verbose npm  v11.16.0
18 verbose exit 0
19 info ok
